// Jest Snapshot v1, https://goo.gl/fbAQLP

exports[`Calculator renders correctly 1`] = `
<div
  className="calculate"
>
  <div
    className="math"
  >
    <h1>
      Let's do some math!
    </h1>
  </div>
  <div
    className="calculator"
  >
    <div
      className="calculator__display"
    >
      <div
        className="calculator__display__curr"
      >
        0
      </div>
    </div>
    <div
      className="calculator__buttons"
    >
      <div
        className="calculator__buttons__row"
      >
        <button
          className="calculator__buttons__row__button"
          onClick={[Function]}
          type="button"
        >
          AC
        </button>
        <button
          className="calculator__buttons__row__button"
          onClick={[Function]}
          type="button"
        >
          +/-
        </button>
        <button
          className="calculator__buttons__row__button"
          onClick={[Function]}
          type="button"
        >
          %
        </button>
        <button
          className="calculator__buttons__row__button orange"
          onClick={[Function]}
          type="button"
        >
          รท
        </button>
      </div>
      <div
        className="calculator__buttons__row"
      >
        <button
          className="calculator__buttons__row__button"
          onClick={[Function]}
          type="button"
        >
          7
        </button>
        <button
          className="calculator__buttons__row__button"
          onClick={[Function]}
          type="button"
        >
          8
        </button>
        <button
          className="calculator__buttons__row__button"
          onClick={[Function]}
          type="button"
        >
          9
        </button>
        <button
          className="calculator__buttons__row__button orange"
          onClick={[Function]}
          type="button"
        >
          *
        </button>
      </div>
      <div
        className="calculator__buttons__row"
      >
        <button
          className="calculator__buttons__row__button"
          onClick={[Function]}
          type="button"
        >
          4
        </button>
        <button
          className="calculator__buttons__row__button"
          onClick={[Function]}
          type="button"
        >
          5
        </button>
        <button
          className="calculator__buttons__row__button"
          onClick={[Function]}
          type="button"
        >
          6
        </button>
        <button
          className="calculator__buttons__row__button orange"
          onClick={[Function]}
          type="button"
        >
          -
        </button>
      </div>
      <div
        className="calculator__buttons__row_"
      >
        <button
          className="calculator__buttons__row__button"
          onClick={[Function]}
          type="button"
        >
          1
        </button>
        <button
          className="calculator__buttons__row__button"
          onClick={[Function]}
          type="button"
        >
          2
        </button>
        <button
          className="calculator__buttons__row__button"
          onClick={[Function]}
          type="button"
        >
          3
        </button>
        <button
          className="calculator__buttons__row__button orange"
          onClick={[Function]}
          type="button"
        >
          +
        </button>
      </div>
      <div
        className="calculator__buttons__row"
      >
        <button
          className="calculator__buttons__row__button zero"
          onClick={[Function]}
          type="button"
        >
          0
        </button>
        <button
          className="calculator__buttons__row__button"
          onClick={[Function]}
          type="button"
        >
          .
        </button>
        <button
          className="calculator__buttons__row__button orange"
          onClick={[Function]}
          type="button"
        >
          =
        </button>
      </div>
    </div>
  </div>
</div>
`;
